Script started, output log file is 'nfsc1'.
root@nfsc:/home/vagrant#
root@nfsc:/home/vagrant#
root@nfsc:/home/vagrant# sudo apt install nfs-common
Reading package lists... Done
Building dependency tree... Done
Reading state information... Done
The following additional packages will be installed:
  keyutils libnfsidmap1 rpcbind
Suggested packages:
  watchdog
The following NEW packages will be installed:
  keyutils libnfsidmap1 nfs-common rpcbind
0 upgraded, 4 newly installed, 0 to remove and 3 not upgraded.
Need to get 381 kB of archives.
After this operation, 1447 kB of additional disk space will be used.
Do you want to continue? [Y/n] y
Get:1 http://archive.ubuntu.com/ubuntu jammy-updates/main amd64 libnfsidmap1 amd64 1:2.6.1-1ubuntu1.2 [42.9 kB]
Get:2 http://archive.ubuntu.com/ubuntu jammy/main amd64 rpcbind amd64 1.2.6-2build1 [46.6 kB]
Get:3 http://archive.ubuntu.com/ubuntu jammy/main amd64 keyutils amd64 1.6.1-2ubuntu3 [50.4 kB]
Get:4 http://archive.ubuntu.com/ubuntu jammy-updates/main amd64 nfs-common amd64 1:2.6.1-1ubuntu1.2 [241 kB]
Fetched 381 kB in 1s (575 kB/s)
Selecting previously unselected package libnfsidmap1:amd64.
(Reading database ... 70106 files and directories currently installed.)
Preparing to unpack .../libnfsidmap1_1%3a2.6.1-1ubuntu1.2_amd64.deb ...
Unpacking libnfsidmap1:amd64 (1:2.6.1-1ubuntu1.2) ...
Selecting previously unselected package rpcbind.
Preparing to unpack .../rpcbind_1.2.6-2build1_amd64.deb ...
Unpacking rpcbind (1.2.6-2build1) ...
Selecting previously unselected package keyutils.
Preparing to unpack .../keyutils_1.6.1-2ubuntu3_amd64.deb ...
Unpacking keyutils (1.6.1-2ubuntu3) ...
Selecting previously unselected package nfs-common.
Preparing to unpack .../nfs-common_1%3a2.6.1-1ubuntu1.2_amd64.deb ...
Unpacking nfs-common (1:2.6.1-1ubuntu1.2) ...
Setting up libnfsidmap1:amd64 (1:2.6.1-1ubuntu1.2) ...
Setting up rpcbind (1.2.6-2build1) ...
Created symlink /etc/systemd/system/multi-user.target.wants/rpcbind.service → /lib/systemd/system/rpcbind.service.
Created symlink /etc/systemd/system/sockets.target.wants/rpcbind.socket → /lib/systemd/system/rpcbind.socket.
Setting up keyutils (1.6.1-2ubuntu3) ...
Setting up nfs-common (1:2.6.1-1ubuntu1.2) ...

Creating config file /etc/idmapd.conf with new version

Creating config file /etc/nfs.conf with new version
Adding system user `statd' (UID 114) ...
Adding new user `statd' (UID 114) with group `nogroup' ...
Not creating home directory `/var/lib/nfs'.
Created symlink /etc/systemd/system/multi-user.target.wants/nfs-client.target → /lib/systemd/system/nfs-client.target.
Created symlink /etc/systemd/system/remote-fs.target.wants/nfs-client.target → /lib/systemd/system/nfs-client.target.
auth-rpcgss-module.service is a disabled or a static unit, not starting it.
nfs-idmapd.service is a disabled or a static unit, not starting it.
nfs-utils.service is a disabled or a static unit, not starting it.
proc-fs-nfsd.mount is a disabled or a static unit, not starting it.
rpc-gssd.service is a disabled or a static unit, not starting it.
rpc-statd-notify.service is a disabled or a static unit, not starting it.
rpc-statd.service is a disabled or a static unit, not starting it.
rpc-svcgssd.service is a disabled or a static unit, not starting it.
rpc_pipefs.target is a disabled or a static unit, not starting it.
var-lib-nfs-rpc_pipefs.mount is a disabled or a static unit, not starting it.
Processing triggers for man-db (2.10.2-1) ...
Processing triggers for libc-bin (2.35-0ubuntu3.8) ...
Scanning processes...
Scanning linux images...

Running kernel seems to be up-to-date.

No services need to be restarted.

No containers need to be restarted.

No user sessions are running outdated binaries.

No VM guests are running outdated hypervisor (qemu) binaries on this host.
root@nfsc:/home/vagrant#
root@nfsc:/home/vagrant#
root@nfsc:/home/vagrant#
root@nfsc:/home/vagrant# echo "192.168.50.10:/srv/share/ /mnt nfs
> vers=3,noauto,x-systemd.automount 0 0" >> /etc/fstab
root@nfsc:/home/vagrant#
root@nfsc:/home/vagrant#
root@nfsc:/home/vagrant#
root@nfsc:/home/vagrant# systemctl daemon-reload
root@nfsc:/home/vagrant# systemctl restart remote-fs.target
root@nfsc:/home/vagrant# mount | grep mnt
nsfs on /run/snapd/ns/lxd.mnt type nsfs (rw)
192.168.50.10:/srv/share on /mnt type nfs4 (rw,relatime,vers=4.2,rsize=131072,wsize=131072,namlen=255,hard,proto=tcp,timeo=600,retrans=2,sec=sys,clientaddr=192.168.50.11,local_lock=none,addr=192.168.50.10)
root@nfsc:/home/vagrant#
root@nfsc:/home/vagrant#
root@nfsc:/home/vagrant# cd /srv/share/upload
bash: cd: /srv/share/upload: No such file or directory
root@nfsc:/home/vagrant#
root@nfsc:/home/vagrant#
root@nfsc:/home/vagrant# ls /mnt/upload
check_file
root@nfsc:/home/vagrant#
root@nfsc:/home/vagrant#
root@nfsc:/home/vagrant# touch /mnt/upload/client_file
root@nfsc:/home/vagrant# exit
exit
Script done.